
> frontend@0.1.0 build
> cross-env DISABLE_ESLINT_PLUGIN=true CI=false react-scripts build

node.exe : these parameters are deprecated, see docs for addKeyword
At line:1 char:1
+ & "C:\Program Files\nodejs/node.exe" "C:\Program Files\nodejs/node_mo ...
+ ~~~~~~~~~~~~~~~~~~~~~~~~~~~~~~~~~~~~~~~~~~~~~~~~~~~~~~~~~~~~~~~~~~~~~
    + CategoryInfo          : NotSpecified: (these parameter... for addKeyword 
   :String) [], RemoteException
    + FullyQualifiedErrorId : NativeCommandError
 
these parameters are deprecated, see docs for addKeyword
these parameters are deprecated, see docs for addKeyword
these parameters are deprecated, see docs for addKeyword
these parameters are deprecated, see docs for addKeyword
these parameters are deprecated, see docs for addKeyword
these parameters are deprecated, see docs for addKeyword
(node:17600) [DEP0176] DeprecationWarning: fs.F_OK is deprecated, use 
fs.constants.F_OK instead
(Use `node --trace-deprecation ...` to show where the warning was created)
Creating an optimized production build...
these parameters are deprecated, see docs for addKeyword
these parameters are deprecated, see docs for addKeyword
these parameters are deprecated, see docs for addKeyword
Compiled with the following type errors (you may want to check these before deploying your app):

TypeError: Cannot read properties of undefined (reading 'date')


